# RUN_PARMS: font-fail-key.txt [MAPSERV] QUERY_STRING="map=[MAPFILE]&mode=map&layer=l1" > [RESULT_DEVERSION]
# RUN_PARMS: font-fail-file.txt [MAPSERV] QUERY_STRING="map=[MAPFILE]&mode=map&layer=l2" > [RESULT_DEVERSION]
# RUN_PARMS: font-fail-missing-glyph.png [MAP2IMG] -m [MAPFILE] -l missing_glyph -i png -o [RESULT]

MAP

STATUS ON
EXTENT 0 0 400 300
SIZE 200 150
FONTSET "../misc/fonts.lst"
IMAGETYPE png24
symbolset "symbolset"

LAYER
 NAME "l1"
 TYPE POINT
 status on
 class
  label
   text "foobar"
   type truetype
   size 9
   color 0 0 0
   font "foobar"
  end
 end
 FEATURE POINTS 50 50 END END
END
LAYER
 NAME "l2"
 TYPE POINT
 status on
 class
  label
   text "foobar"
   type truetype
   size 9
   color 0 0 0
   font "bogus"
  end
 end
 FEATURE POINTS 50 50 END END
END

LAYER
    NAME "missing_glyph"
    STATUS ON
    TYPE POLYGON
    FEATURE
      POINTS 0 0 400 0 400 300 0 300 0 0 END
    END
    CLASS
        LABEL
            TEXT 'this is a test: это проверка'
            TYPE truetype
            SIZE 8
            FONT "default"
        END
    END
END

END
