#
# tests vertex geomtransform with auto angle
#   
# RUN_PARMS: geomtransform-vertex.png [MAP2IMG] -m [MAPFILE] -i png -l "centroid vertex1" -o [RESULT]
# RUN_PARMS: geomtransform-vertex.pdf [MAP2IMG] -m [MAPFILE] -i pdf -l "centroid vertex1" -o [RESULT]
# RUN_PARMS: geomtransform-vertex.svg [MAP2IMG] -m [MAPFILE] -i svg -l "centroid vertex1" -o [RESULT]
# RUN_PARMS: geomtransform-vertex.cairo.png [MAP2IMG] -m [MAPFILE] -l "centroid vertex1" -i cairopng -o [RESULT]
# RUN_PARMS: geomtransform-vertex-layer.png [MAP2IMG] -m [MAPFILE] -i png -l vertex2 -o [RESULT]
# RUN_PARMS: geomtransform-vertex-layer.pdf [MAP2IMG] -m [MAPFILE] -i pdf -l vertex2 -o [RESULT]
# RUN_PARMS: geomtransform-vertex-layer.svg [MAP2IMG] -m [MAPFILE] -i svg -l vertex2 -o [RESULT]
# RUN_PARMS: geomtransform-vertex-layer.cairo.png [MAP2IMG] -m [MAPFILE] -l vertex2 -i cairopng -o [RESULT]
#



MAP
  IMAGETYPE png24
  SIZE 500 500
  FONTSET "../misc/fonts.lst"
  EXTENT -170.245673  -55.551347 179.019748 53.883753
  SHAPEPATH "../misc"

  SYMBOL
    TYPE TRUETYPE
    FONT "default"
    NAME "arrowhead"
    CHARACTER '>'
  END

  SYMBOL
    TYPE TRUETYPE
    FONT "default"
    NAME "arrowtail"
    CHARACTER '<'
  END

  SYMBOL
    TYPE TRUETYPE 
    FONT "default"
    CHARACTER '|'
    NAME "segment"
  END

  SYMBOL
    TYPE ELLIPSE
    POINTS 1 1 END
    NAME "circle"
    FILLED true
  END

LAYER
    NAME vertex1
    data "data/testlines.shp" 
    TYPE LINE 
    STATUS ON
    CLASS
     
      STYLE
        COLOR 0 0 255
      END
      STYLE
        GEOMTRANSFORM "vertices"
        SYMBOL "segment" 
        ANGLE AUTO
        SIZE 10
        COLOR 0 0 0
      END
      STYLE
        GEOMTRANSFORM "end"
        SYMBOL "arrowhead"
        COLOR  0 0 255
        ANGLE AUTO
        SIZE 15
      END
      STYLE
        GEOMTRANSFORM "start"
        SYMBOL "arrowtail"
        COLOR  0 0 255
        ANGLE AUTO
        SIZE 15
      END
      STYLE
        GEOMTRANSFORM (simplify([shape],10))
        ANGLE AUTO
        SIZE 10
        COLOR 0 0 0
      END
      STYLE
        GEOMTRANSFORM (simplifypt([shape],50))
        ANGLE AUTO
        SIZE 10
        COLOR 255 0 0
      END
      STYLE
        GEOMTRANSFORM (generalize([shape],50))
        ANGLE AUTO
        SIZE 10
        COLOR 0 255 0
      END


    END
    
  END
LAYER
    NAME vertex2
    data "data/testlines.shp" 
    TYPE LINE 
    STATUS ON
    GEOMTRANSFORM (simplify([shape],25))
    CLASS
        STYLE
            SIZE 10
            COLOR 0 0 255
        END
    END
END

LAYER
    NAME "centroid"
    TYPE POLYGON 
    STATUS ON
    CLASS
      STYLE
        GEOMTRANSFORM "centroid"
        SYMBOL "circle"
        COLOR  0 0 0
        OUTLINECOLOR 255 0 0
        SIZE 5
      END
    END
    FEATURE
      POINTS
-166.245673 -55.551347
174.019748 -55.551347
174.019748 53.883753
-166.245673 53.883753
-166.245673 -55.551347
      END
    END
END

END
