# RUN_PARMS: label-multifont.png [MAP2IMG] -m [MAPFILE] -i png -o [RESULT]
# RUN_PARMS: label-multifont.pdf [MAP2IMG] -m [MAPFILE] -i pdf -o [RESULT]
# RUN_PARMS: label-multifont.svg [MAP2IMG] -m [MAPFILE] -i svg -o [RESULT]
# RUN_PARMS: label-multifont.cairo.png [MAP2IMG] -m [MAPFILE] -i cairopng -o [RESULT]
#
map

imagetype png
size 300 100
extent 0 0 400 200
fontset "data/fonts.lst"
symbolset "symbolset"


layer
    type point
    status default
    name "p1"
    class
        style
            symbol "circle"
            size 5
            color 255 0 0
        end
        label
            type truetype
            font ",,,default,,cjk,default,default,,,,"
            size 9
            style
               color 0 255 0
               geomtransform labelpoly
            end
            color 0 0 0
            position cr
        end
    end
    feature
        points 50 50 end
        text "label これらは、いくつかenglish"
    end
end
layer
    type line
    status default
    name "l1"
    class
        style
            color 255 0 0
            width 1
        end
        label
            type truetype
            font "default,cjk"
            size 9
            angle follow
            color 0 0 0
            position cr
            maxoverlapangle 180
        end
    end
    feature
        points 100 100 150 150 400 150  end
        text "label これらは、いenglish"
    end
end

end
