# RUN_PARMS: line_label_auto2.png [MAP2IMG] -m [MAPFILE] -i png -o [RESULT]
# RUN_PARMS: line_label_auto2.pdf [MAP2IMG] -m [MAPFILE] -i pdf -o [RESULT]
# RUN_PARMS: line_label_auto2.svg [MAP2IMG] -m [MAPFILE] -i svg -o [RESULT]
# RUN_PARMS: line_label_auto2.cairo.png [MAP2IMG] -m [MAPFILE] -i cairopng -o [RESULT]
#
map

imagetype png
size 200 100
extent 0 0 400 200
fontset "../misc/fonts.lst"
symbolset "symbolset"


layer
    type line
    status default
    name "lines1"
    class
        style
            color 0 0 255
            width 1
        end
        label
            text ">"
            type truetype
            font "default"
            size 8
            repeatdistance 15
            angle auto2
            color 0 0 0
            outlinecolor 255 255 255
            outlinewidth 3
        end
        label
            type truetype
            font "default"
            size 8
            angle auto
            color 0 0 0
            outlinecolor 255 255 255
            outlinewidth 3
        end
    end
    feature
      points 0 150 600 130 end
      text "left to right (down)"
    end
    feature
      points 600 120 0 100 end
      text "right to left (down)"
    end
    feature
      points 0 30 600 50 end
      text "left to right (up)"
    end
    feature
      points 600 60 0 80 end
      text "right to left (up)"
    end
end

end
