# RUN_PARMS: multilabel-leader.png [MAP2IMG] -m [MAPFILE] -i png -o [RESULT]
# RUN_PARMS: multilabel-leader.pdf [MAP2IMG] -m [MAPFILE] -i pdf -o [RESULT]
# RUN_PARMS: multilabel-leader.svg [MAP2IMG] -m [MAPFILE] -i svg -o [RESULT]
# RUN_PARMS: multilabel-leader.cairo.png [MAP2IMG] -m [MAPFILE] -i cairopng -o [RESULT]
#
map

imagetype png
size 400 300
extent -85 -40 10 30
web
   metadata
      "ows_enable_request" "*"
      "ows_srs" "EPSG:4326"
 "labelcache_map_edge_buffer" "10"
   end
end


#debug 10
#config "MS_ERRORFILE" "stderr"
projection
   "init=epsg:4326"
end
imagecolor 230 230 230
fontset "data/fonts.lst"

symbol
   type ellipse
   points 1 1 end
   name "circle"
   filled true
end
   symbol
     name "v10"
     type truetype
     font "dejavu"
     character "&#10140;"
     anchorpoint 0.30 0.85
   end
   symbol
     name "v20"
     type truetype
     font "dejavu"
     character "&#10141;"
     anchorpoint 0.30 0.85
   end
   symbol
     name "v30"
     type truetype
     font "dejavu"
     character "&#10142;"
     anchorpoint 0.30 0.85
   end
   symbol
     name "v40"
     type truetype
     font "dejavu"
     character "&#10143;"
     anchorpoint 0.30 0.85
   end
   symbol
     name "v50"
     type truetype
     font "dejavu"
     character "&#10144;"
     anchorpoint 0.30 0.85
   end
   symbol
     name "v60"
     type truetype
     font "dejavu"
     character "&#10145;"
     anchorpoint 0.30 0.85
   end
   symbol
     name "v70"
     type truetype
     font "dejavu"
     character "&#10146;"
     anchorpoint 0.30 0.85
   end
   symbol
     name "v80"
     type truetype
     font "dejavu"
     character "&#10147;"
     anchorpoint 0.30 0.85
   end
   symbol
     name "v90"
     type truetype
     font "dejavu"
     character "&#10148;"
     anchorpoint 0.30 0.85
   end
   symbol
     name "v100"
     type truetype
     font "dejavu"
     character "&#10149;"
     anchorpoint 0.30 0.85
   end
   symbol
     name "v110"
     type truetype
     font "dejavu"
     character "&#10150;"
     anchorpoint 0.30 0.85
   end
   symbol
     name "v120"
     type truetype
     font "dejavu"
     character "&#10151;"
     anchorpoint 0.30 0.85
   end
   symbol
     name "v130"
     type truetype
     font "dejavu"
     character "&#10152;"
     anchorpoint 0.30 0.85
   end
   symbol
     name "v140"
     type truetype
     font "dejavu"
     character "&#10153;"
     anchorpoint 0.30 0.85
   end
   symbol
      name "n0"
      type truetype
      font "dejavu"
     character "&#9872;"
   end
   symbol
      name "n1"
      type truetype
      font "dejavu"
     character "&#9873;"
   end
   symbol
      name "n2"
      type truetype
      font "dejavu"
     character "&#9874;"
   end
   symbol
      name "n3"
      type truetype
      font "dejavu"
     character "&#9875;"
   end
   symbol
      name "n4"
      type truetype
      font "dejavu"
     character "&#9876;"
   end
   symbol
      name "n5"
      type truetype
      font "dejavu"
     character "&#9877;"
   end
   symbol
      name "n6"
      type truetype
      font "dejavu"
     character "&#9878;"
   end
   symbol
      name "n7"
      type truetype
      font "dejavu"
     character "&#9879;"
   end
   symbol
      name "n8"
      type truetype
      font "dejavu"
     character "&#9880;"
   end
   symbol
      name "n9"
      type truetype
      font "dejavu"
     character "&#9881;"
   end

layer
   type point
   status on
   name "p2"
   group "p1"
   data "data/meteo.shp"
   class
      style
         symbol "circle"
         outlinecolor 255 0 0
         size 2
      end
   end
end

layer
    type point
    status on
    name "met"
    group "p1"
    data "data/meteo.shp"
    class
      leader
         maxdistance 50
         gridstep 10
         style
            color 255 0 0
            width 4
         end
      end
        label
          partials false
          force group
          style
            geomtransform labelpnt
            symbol "circle"
            opacity 30
            color 200 200 200
            outlinecolor 0 0 0
            size 60
          end
        end
        
        label
          partials false
          text "[p]"
          font "dejavu"
          size 7
          type truetype
          color 0 0 0
          offset 12 -12
          force group
        end 
        label
          expression ([dp]>=0)
          text "+[dp]"
          font "dejavu"
          size 7
          type truetype
          color 0 0 0
          offset 12 0
          force group
        end 
        label
          expression ([dp]<0)
          text "[dp]"
          font "dejavu"
          size 7
          type truetype
          color 0 0 0
          offset 12 0
          force group
        end 
        label
            expression ([wspeed] > 0 and [wspeed] <= 10)
            style
               color 0 0 0
               geomtransform labelpnt
               angle [wangle]
               symbol "v10"
               size 15
            end
          
          force group
        end
        label
            expression ([wspeed] > 10 and [wspeed] <= 20)
            style
               color 0 0 0
               geomtransform labelpnt
               angle [wangle]
               symbol "v20"
               size 15
            end
          
          force group
        end
        label
            expression ([wspeed] > 20 and [wspeed] <= 30)
            style
               color 0 0 0
               geomtransform labelpnt
               angle [wangle]
               symbol "v30"
               size 15
            end
          
          force group
        end
        label
            expression ([wspeed] > 30 and [wspeed] <= 40)
            style
               color 0 0 0
               geomtransform labelpnt
               angle [wangle]
               symbol "v40"
               size 15
            end
          
          force group
        end
        label
            expression ([wspeed] > 40 and [wspeed] <= 50)
            style
               color 0 0 0
               geomtransform labelpnt
               angle [wangle]
               symbol "v50"
               size 15
            end
          
          force group
        end
        label
            expression ([wspeed] > 50 and [wspeed] <= 60)
            style
               color 0 0 0
               geomtransform labelpnt
               angle [wangle]
               symbol "v60"
               size 15
            end
          
          force group
        end
        label
            expression ([wspeed] > 60 and [wspeed] <= 70)
            style
               color 0 0 0
               geomtransform labelpnt
               angle [wangle]
               symbol "v70"
               size 15
            end
          
          force group
        end
        label
            expression ([wspeed] > 70 and [wspeed] <= 80)
            style
               color 0 0 0
               geomtransform labelpnt
               angle [wangle]
               symbol "v80"
               size 15
            end
          
          force group
        end
        label
            expression ([wspeed] > 80 and [wspeed] <= 90)
            style
               color 0 0 0
               geomtransform labelpnt
               angle [wangle]
               symbol "v90"
               size 15
            end
          
          force group
        end
        label
            expression ([wspeed] > 90 and [wspeed] <= 100)
            style
               color 0 0 0
               geomtransform labelpnt
               angle [wangle]
               symbol "v100"
               size 15
            end
          
          force group
        end
        label
            expression ([wspeed] > 100 and [wspeed] <= 110)
            style
               color 0 0 0
               geomtransform labelpnt
               angle [wangle]
               symbol "v110"
               size 15
            end
          
          force group
        end
        label
            expression ([wspeed] > 110 and [wspeed] <= 120)
            style
               color 0 0 0
               geomtransform labelpnt
               angle [wangle]
               symbol "v120"
               size 15
            end
          
          force group
        end
        label
            expression ([wspeed] > 120 and [wspeed] <= 130)
            style
               color 0 0 0
               geomtransform labelpnt
               angle [wangle]
               symbol "v130"
               size 15
            end
          
          force group
        end
        label
            expression ([wspeed] > 130 and [wspeed] <= 140)
            style
               color 0 0 0
               geomtransform labelpnt
               angle [wangle]
               symbol "v140"
               size 15
            end
          
          force group
        end
        label
            expression ([nebul]=0)
            style
               geomtransform labelpnt
               color 0 0 0
               symbol "n0"
               size 10
               offset -12 0
            end
          force group
        end
        label
            expression ([nebul]=1)
            style
               geomtransform labelpnt
               color 0 0 0
               symbol "n1"
               size 10
               offset -12 0
            end
          force group
        end
        label
            expression ([nebul]=2)
            style
               geomtransform labelpnt
               color 0 0 0
               symbol "n2"
               size 10
               offset -12 0
            end
          force group
        end
        label
            expression ([nebul]=3)
            style
               geomtransform labelpnt
               color 0 0 0
               symbol "n3"
               size 10
               offset -12 0
            end
          force group
        end
        label
            expression ([nebul]=4)
            style
               geomtransform labelpnt
               color 0 0 0
               symbol "n4"
               size 10
               offset -12 0
            end
          force group
        end
        label
            expression ([nebul]=5)
            style
               geomtransform labelpnt
               color 0 0 0
               symbol "n5"
               size 10
               offset -12 0
            end
          force group
        end
        label
            expression ([nebul]=6)
            style
               geomtransform labelpnt
               color 0 0 0
               symbol "n6"
               size 10
               offset -12 0
            end
          force group
        end
        label
            expression ([nebul]=7)
            style
               geomtransform labelpnt
               color 0 0 0
               symbol "n7"
               size 10
               offset -12 0
            end
          force group
        end
        label
            expression ([nebul]=8)
            style
               geomtransform labelpnt
               color 0 0 0
               symbol "n8"
               size 10
               offset -12 0
            end
          force group
        end
        label
            expression ([nebul]=9)
            style
               geomtransform labelpnt
               color 0 0 0
               symbol "n9"
               size 10
               offset -12 0
            end
          force group
        end

        label
            expression ([temp]<0)
            text "-[temp]"
            type truetype
            font "dejavu"
            size 7
            offset -12 -12
            color 0 0 0
          force group
        end
        label
            expression ([temp]>=0)
            text "+[temp]"
            type truetype
            font "dejavu"
            size 7
            offset -12 -12
            color 0 0 0
          force group
          style
            geomtransform labelpoly
            outlinecolor 255 0 0
            width 1
         end
        end
    end
end

end
