# RUN_PARMS: point_truetype.png [MAP2IMG] -m [MAPFILE] -i png -o [RESULT]
# RUN_PARMS: point_truetype.pdf [MAP2IMG] -m [MAPFILE] -i pdf -o [RESULT]
# RUN_PARMS: point_truetype.svg [MAP2IMG] -m [MAPFILE] -i svg -o [RESULT]
# RUN_PARMS: point_truetype.cairo.png [MAP2IMG] -m [MAPFILE] -i cairopng -o [RESULT]
#
#
# entity-encoded text rendering test.
# this test may potentially segfault
#   
# REQUIRES: OUTPUT=PNG
#
MAP

STATUS ON
EXTENT 0 0 400 300
SIZE 200 150
FONTSET "../misc/fonts.lst"
IMAGETYPE png24
symbolset "symbolset"

LAYER
    NAME "anchors"
    TYPE POINT
    STATUS default
    CLASS
        STYLE
            COLOR 255 0 0
            SIZE 8
            WIDTH 1
            SYMBOL "circle"
        END
    END
    FEATURE POINTS 50 50 END END
    FEATURE POINTS 200 200 END END
END

LAYER
  NAME "symbol"
  TYPE point
  STATUS default
  CLASS
    NAME "test1"
    STYLE
        SYMBOL "ttf"
        COLOR 0 0 0
        SIZE 15
    END
  END
  FEATURE
    POINTS
        50 50
    END
  END
END

LAYER
  NAME "symbol rotated"
  TYPE point
  STATUS default
  CLASS
    NAME "test1"
    STYLE
        SYMBOL "ttf"
        COLOR 0 0 0
        SIZE 15
        ANGLE 45
    END
  END
  FEATURE
    POINTS
        200 200
    END
  END
END

END
