# RUN_PARMS: ogcapi_root.json.txt [MAPSERV] "PATH_INFO=/[MAPFILE]/ogcapi" "QUERY_STRING=f=json" > [RESULT]
# RUN_PARMS: ogcapi_root.html.txt [MAPSERV] "PATH_INFO=/[MAPFILE]/ogcapi" QUERY_STRING= > [RESULT]
# RUN_PARMS: ogcapi_root.json [ENV HTTP_ACCEPT=application/json] [MAPSERV] "PATH_INFO=/[MAPFILE]/ogcapi" "QUERY_STRING=" > [RESULT_DEMIME]
# RUN_PARMS: ogcapi_error_repeated_query_parameter.json [MAPSERV] "PATH_INFO=/[MAPFILE]/ogcapi" "QUERY_STRING=f=json&f=bar" > [RESULT_DEMIME]
# RUN_PARMS: ogcapi_collections.json [MAPSERV] "PATH_INFO=/[MAPFILE]/ogcapi/collections" "QUERY_STRING=f=json" > [RESULT_DEMIME]
# RUN_PARMS: ogcapi_collections_mn_counties.json [MAPSERV] "PATH_INFO=/[MAPFILE]/ogcapi/collections/mn_counties" "QUERY_STRING=f=json" > [RESULT_DEMIME]
# RUN_PARMS: ogcapi_collections_mn_counties.html [MAPSERV] "PATH_INFO=/[MAPFILE]/ogcapi/collections/mn_counties" "QUERY_STRING=f=html" > [RESULT_DEMIME]
# RUN_PARMS: ogcapi_collections_mn_counties_items.json [MAPSERV] "PATH_INFO=/[MAPFILE]/ogcapi/collections/mn_counties/items" "QUERY_STRING=f=json" > [RESULT_DEMIME]
# RUN_PARMS: ogcapi_collections_mn_counties_items_storage_crs.json [MAPSERV] "PATH_INFO=/[MAPFILE]/ogcapi/collections/mn_counties/items" "QUERY_STRING=f=json&crs=http://www.opengis.net/def/crs/EPSG/0/32615&limit=1" > [RESULT]
# RUN_PARMS: ogcapi_collections_mn_counties_items_epsg_4326.json [MAPSERV] "PATH_INFO=/[MAPFILE]/ogcapi/collections/mn_counties/items" "QUERY_STRING=f=json&crs=http://www.opengis.net/def/crs/EPSG/0/4326&limit=1" > [RESULT_DEMIME]
# RUN_PARMS: ogcapi_collections_mn_counties_items_bad_crs.json [MAPSERV] "PATH_INFO=/[MAPFILE]/ogcapi/collections/mn_counties/items" "QUERY_STRING=f=json&crs=http://www.opengis.net/def/crs/EPSG/0/12345&limit=1" > [RESULT_DEMIME]
# RUN_PARMS: ogcapi_collections_mn_counties_items_empty_crs.json [MAPSERV] "PATH_INFO=/[MAPFILE]/ogcapi/collections/mn_counties/items" "QUERY_STRING=f=json&crs=&limit=1" > [RESULT_DEMIME]
# RUN_PARMS: ogcapi_collections_mn_counties_items_bbox_crs.json [MAPSERV] "PATH_INFO=/[MAPFILE]/ogcapi/collections/mn_counties/items" "QUERY_STRING=f=json&bbox=190012.242200,4816648.737800,762254.477900,5472427.737000&bbox-crs=http://www.opengis.net/def/crs/EPSG/0/32615&limit=1" > [RESULT_DEMIME]
# RUN_PARMS: ogcapi_collections_mn_counties_items_bbox_crs_epsg_4326.json [MAPSERV] "PATH_INFO=/[MAPFILE]/ogcapi/collections/mn_counties/items" "QUERY_STRING=f=json&bbox=-90,-180,90,0&bbox-crs=http://www.opengis.net/def/crs/EPSG/0/4326&limit=1" > [RESULT_DEMIME]
# RUN_PARMS: ogcapi_collections_mn_counties_items_bad_bbox_crs.json [MAPSERV] "PATH_INFO=/[MAPFILE]/ogcapi/collections/mn_counties/items" "QUERY_STRING=f=json&bbox=-90,-180,90,0&bbox-crs=http://www.opengis.net/def/crs/EPSG/0/12345&limit=1" > [RESULT_DEMIME]
# RUN_PARMS: ogcapi_collections_mn_counties_items_empty_bbox_crs.json [MAPSERV] "PATH_INFO=/[MAPFILE]/ogcapi/collections/mn_counties/items" "QUERY_STRING=f=json&bbox=-90,-180,90,0&bbox-crs=&limit=1" > [RESULT_DEMIME]
# RUN_PARMS: ogcapi_collections_mn_counties_items_antimeridian_bbox.json [MAPSERV] "PATH_INFO=/[MAPFILE]/ogcapi/collections/mn_counties/items" "QUERY_STRING=f=json&bbox=160.6,-55.95,-170,-25.89&limit=1" > [RESULT_DEMIME]
# RUN_PARMS: ogcapi_collections_mn_counties_items_unknown_parameter.json.txt [MAPSERV] "PATH_INFO=/[MAPFILE]/ogcapi/collections/mn_counties/items" "QUERY_STRING=f=json&unknown=parameter" > [RESULT]
# RUN_PARMS: ogcapi_collections_mn_counties_items_limit_1.json [MAPSERV] "PATH_INFO=/[MAPFILE]/ogcapi/collections/mn_counties/items" "QUERY_STRING=f=json&limit=1" > [RESULT_DEMIME]
# RUN_PARMS: ogcapi_collections_mn_counties_items_limit_1_offset_2.json [MAPSERV] "PATH_INFO=/[MAPFILE]/ogcapi/collections/mn_counties/items" "QUERY_STRING=f=json&limit=1&offset=2" > [RESULT_DEMIME]
# RUN_PARMS: ogcapi_collections_mn_counties_items_limit_bbox_empty_result.json [MAPSERV] "PATH_INFO=/[MAPFILE]/ogcapi/collections/mn_counties/items" "QUERY_STRING=f=json&bbox=2,49,3,50" > [RESULT_DEMIME]
# RUN_PARMS: ogcapi_collections_mn_counties_items_by_id.json [MAPSERV] "PATH_INFO=/[MAPFILE]/ogcapi/collections/mn_counties/items/35" "QUERY_STRING=f=json" > [RESULT_DEMIME]
# RUN_PARMS: ogcapi_collections_mn_counties_items_by_id_not_found.json.txt [MAPSERV] "PATH_INFO=/[MAPFILE]/ogcapi/collections/mn_counties/items/12345678" "QUERY_STRING=f=json" > [RESULT_DEMIME]
# RUN_PARMS: ogcapi_api.json [MAPSERV] "PATH_INFO=/[MAPFILE]/ogcapi/api" "QUERY_STRING=f=json" > [RESULT_DEMIME]
# RUN_PARMS: conformance.json [MAPSERV] "PATH_INFO=/[MAPFILE]/ogcapi/conformance" "QUERY_STRING=f=json" > [RESULT_DEMIME]
# RUN_PARMS: ogcapi_invalid_mapfile.txt [MAPSERV] "PATH_INFO=/invalid.map/ogcapi" "QUERY_STRING=f=json" > [RESULT_DEVERSION]
# RUN_PARMS: ogcapi_missing_api_signature1.txt [MAPSERV] "PATH_INFO=/[MAPFILE]" "QUERY_STRING=f=json" > [RESULT_DEVERSION]
# RUN_PARMS: ogcapi_missing_api_signature2.txt [MAPSERV] "PATH_INFO=/[MAPFILE]/" "QUERY_STRING=f=json" > [RESULT_DEVERSION]
# RUN_PARMS: ogcapi_invalid_api_signature1.txt [MAPSERV] "PATH_INFO=/[MAPFILE]/invalid" "QUERY_STRING=f=json" > [RESULT_DEVERSION]
# RUN_PARMS: ogcapi_invalid_api_signature2.txt [MAPSERV] "PATH_INFO=/[MAPFILE]/invalid/" "QUERY_STRING=f=json" > [RESULT_DEVERSION]

MAP
  EXTENT 190012.242200 4816648.737800 762254.477900 5472427.737000
  SIZE 800 800
  
  PROJECTION "+init=epsg:26915" END
  UNITS METERS

  WEB
    METADATA
      "oga_html_template_directory" "../../share/ogcapi/templates/html-plain/"
      "oga_title"          "OGC API Test" ## REQUIRED (or just recommended?)
      "oga_description"	   "This is a test OGC API server description set via oga_description."
      "oga_contactperson"  "Contact person"
      "oga_contacturl"     "http://example.com/contact"
      "oga_contactelectronicmailaddress" "email@example.com"
      "oga_termsofservice" "Terms of Service"
      "oga_keywords"       "keyword1,keyword2"
      "oga_html_tags"      "debug,sample"
      "oga_tag_debug"	   "true"
      "oga_tag_sample"	   "sample tag"
      "oga_onlineresource" "http://localhost/cgi-bin/mapserv/OGCAPI_TEST/ogcapi" ## REQUIRED
      #"oga_onlineresource" "http://192.168.0.17/ogcapi/MY_MAP/ogcapi"
      "oga_server_description" "Server description"
      "oga_links"	   "link1,link2"
      "oga_link1_href"     "https://mapserver.org"
      "oga_link1_title"	   "MapServer project website"
      "oga_link2_href"	   "https://ogcapi.ogc.org"
      "oga_link2_title"    "OCG API website"
      "oga_enable_request" "OGCAPI" ## REQUIRED
      "oga_max_limit"      "15"
      "oga_default_limit"  "9"
      "oga_geometry_precision" "4"
      "oga_compliance_mode" "true"
    END
  END
  
  LAYER
    NAME "mn_counties"
    DATA "data/mn_counties"
    TYPE POLYGON
    STATUS OFF
    METADATA
      "oga_keywords" "boundary,Minnesota,counties" # falls back to wfs_keywordlist
      "oga_description" "This is the standard Minnesota State County Boundary dataset."
      "oga_title" "State of Minnesota County Boundaries"
      "oga_srs" "EPSG:32615 EPSG:4326" # storageCrs is first in the list

      "oga_links" "link1"
      "oga_link1_href" "https://gisdata.mn.gov/dataset/bdry-counties-in-minnesota"
      "oga_link1_title" "Layer in Minnesota Geocommons"

      "gml_include_items" "CTY_NAME,AREA,PERIMETER,CTY_ABBR,CTYONLY_,LASTMOD" # also works with oga prefix
      "gml_AREA_alias" "Area"
      "gml_AREA_type" "Real"
      "gml_perimeter_alias" "Perimiter"
      "gml_perimeter_type" "Real"
      "gml_CTY_NAME_alias" "Name"
      "gml_CTY_ABBR_alias" "Code"
      "gml_CTYONLY__type" "Integer"
      "gml_LASTMOD_type" "DateTime"
      "oga_featureid" "coun"
    END
    VALIDATION
      "coun" "^[0-9]{1,2}$" # 1 or 2-digit number
    END
    PROJECTION "+init=epsg:32615" END
    TEMPLATE VOID
  END

  LAYER
    NAME "mn_major_rivers"
    DATA "data/mn_major_rivers"
    TYPE LINE
    STATUS OFF
    METADATA
      "oga_keywords" "Minnesota,river,hydrography,centerline" # falls back to wfs_keywordlist
      "oga_description" "This dataset represents stream centerlines for major rivers in Minnesota."
      "oga_title" "Minnesota Major River Centerlines"

      "oga_links" "link1"
      "oga_link1_href" "https://gisdata.mn.gov/dataset/water-major-river-centerlines"
      "oga_link1_title" "Layer in Minnesota Geocommons"

      "gml_include_items" "kittle_name,kittle_nbr,length_mi" # also works with oga prefix
      "gml_length_mi_alias" "Length"
      "gml_kittle_name_alias" "Name"
      "gml_kittle_nbr_alias" "Kittle #"
      "gml_featureid" "fw_id"
    END
    VALIDATION
      "fw_id" "^[0-9]{6}$" # 6-digit number
    END
    PROJECTION "+init=epsg:26915" END
    TEMPLATE VOID
  END

  LAYER
    NAME "mn_population_centers"
    DATA "data/mn_population_centers"
    TYPE LINE
    STATUS OFF
    METADATA
      "oga_keywords" "Minnesota,cities,townships,reservations,county seats,unorganized territories" # falls back to wfs_keywordlist
      "oga_description" "This dataset contains cities, townships, reservations, county seats and unorganized Territories in Minnesota, represented with point geometry for cartographic purposes."
      "oga_title" "Minnesota Population Centers"

      "oga_links" "link1"
      "oga_link1_href" "https://gisdata.mn.gov/dataset/loc-pop-centers"
      "oga_link1_title" "Layer in Minnesota Geocommons"

      "gml_include_items" "name,ctu_type,county,population" # also works with oga prefix
      "gml_name_alias" "Name"
      "gml_ctu_type_alias" "Type"
      "gml_county_alias" "County"
      "gml_population_alias" "Population"
      "gml_featureid" "fips_code"
    END
    VALIDATION
      "fips_code" "^[0-9]{6,10}$" # 6 to 10-character string, digits only
    END
    PROJECTION "+init=epsg:26915" END
    TEMPLATE VOID
  END

END
