#
# Test WFS
#
# REQUIRES: SUPPORTS=WFS INPUT=OGR
#
# Test OGR geojson output. 
# RUN_PARMS: wfsogr10_geojson.json [MAPSERV] QUERY_STRING="map=[MAPFILE]&SERVICE=WFS&VERSION=1.0.0&REQUEST=GetFeature&TYPENAME=popplace_fid&OUTPUTFORMAT=geojson" > [RESULT]
#
# RUN_PARMS: wfsogr20_geojson.json [MAPSERV] QUERY_STRING="map=[MAPFILE]&SERVICE=WFS&VERSION=2.0.0&REQUEST=GetFeature&TYPENAMES=popplace_fid&OUTPUTFORMAT=geojson&COUNT=10" > [RESULT]
#
# RUN_PARMS: wfsogr20_geojson_with_predefine_native_data.json [MAPSERV] QUERY_STRING="map=[MAPFILE]&SERVICE=WFS&VERSION=2.0.0&REQUEST=GetFeature&TYPENAMES=popplace_fid&OUTPUTFORMAT=geojson_with_predefined_native_data&COUNT=10" > [RESULT]
#
# Check that OUTPUTFORMAT does not affect resultType=hits and returns XML
# RUN_PARMS: wfsogr20_geojson_resulttype_hits.xml [MAPSERV] QUERY_STRING="map=[MAPFILE]&SERVICE=WFS&VERSION=2.0.0&REQUEST=GetFeature&TYPENAME=popplace_fid&OUTPUTFORMAT=geojson&RESULTTYPE=hits" > [RESULT]

MAP

NAME WFS_OGROUT_TEST
STATUS ON
SIZE 400 300
EXTENT -67.5725 42 -58.9275 48.5
UNITS METERS
IMAGECOLOR 255 255 255
SHAPEPATH ./data

OUTPUTFORMAT
  NAME "geojson"
  DRIVER "OGR/GEOJSON"
  MIMETYPE "application/json; subtype=geojson; charset=utf-8"
  FORMATOPTION "STORAGE=stream"
  FORMATOPTION "FORM=SIMPLE"
  FORMATOPTION "USE_FEATUREID=true"
  FORMATOPTION "LCO:COORDINATE_PRECISION=5"
END


OUTPUTFORMAT
  NAME "geojson_with_predefined_native_data"
  DRIVER "OGR/GEOJSON"
  MIMETYPE "application/json; subtype=geojson; charset=utf-8"
  FORMATOPTION "STORAGE=stream"
  FORMATOPTION "FORM=SIMPLE"
  FORMATOPTION "USE_FEATUREID=true"
  FORMATOPTION "LCO:COORDINATE_PRECISION=5"
  FORMATOPTION "LCO:NATIVE_MEDIA_TYPE=application/vnd.geo+json"
  FORMATOPTION "LCO:NATIVE_DATA={\"foo\":\"bar\"}"
END

#
WEB

 IMAGEPATH "tmp/"
 IMAGEURL "/ms_tmp/"

  METADATA
    "ows_updatesequence"   "123"
    "wfs_title"		   "Test simple wfs"
    "wfs_onlineresource"   "http://localhost/path/to/wfs_simple?"
#    "wfs_srs"		   "EPSG:4326 EPSG:4269 EPSG:3978 EPSG:27700"
    "wms_title"		   "Test simple wms"
    "wms_onlineresource"   "http://localhost/path/to/wms_simple?"
    "wms_srs"		   "EPSG:4269 EPSG:4326 EPSG:3978"
    "ows_abstract"    "Test WFS Abstract"
    "ows_keywordlist" "ogc,wfs,gml,om"
    "ows_service_onlineresource" "http://localhost"
    "ows_fees" "none"
    "ows_accessconstraints" "none"
    "ows_addresstype" "postal"
    "ows_address"     "123 SomeRoad Road"
    "ows_city" "Toronto"
    "ows_stateorprovince" "Ontario"
    "ows_postcode" "xxx-xxx"
    "ows_country" "Canada"
    "ows_contactelectronicmailaddress" "tomkralidis@xxxxxxx.xxx"
    "ows_contactvoicetelephone" "+xx-xxx-xxx-xxxx"
    "ows_contactfacsimiletelephone" "+xx-xxx-xxx-xxxx"
    "ows_contactperson" "Tom Kralidis"
    "ows_contactorganization" "MapServer"
    "ows_contactposition" "self"
    "ows_hoursofservice" "0800h - 1600h EST"
    "ows_contactinstructions" "during hours of service"
    "ows_role" "staff"
    "wms_feature_info_mime_type" "text/csv"
    "ows_enable_request" "*" 
    "wfs_compute_number_matched" "true"
  END
END

PROJECTION
  "+proj=latlong +datum=WGS84"
END


LAYER
  NAME popplace_fid
  CONNECTIONTYPE OGR
  CONNECTION "data/popplace.shp"
  DATA "popplace"

  METADATA
    "wfs_title"         "popplace"
    "wfs_description"   "populated places"
    "wfs_featureid"     "SGC_CODE"
    "wfs_getfeature_formatlist" "geojson,geojson_with_predefined_native_data"
    "gml_include_items" "NAME,UNIQUE_KEY,CAPITAL,POP_RANGE"
    "gml_POP_RANGE_alias" "POP_CLASS"
    "gml_types"         "auto"
  END
  TYPE POINT
  STATUS ON
  PROJECTION
    "init=epsg:3978"
  END
END # Layer

END # Map File
