#
# Test WFS 2.0
#
# REQUIRES: INPUT=OGR SUPPORTS=WFS
#
# We don't know how many features are matched, but we know there are more than
# one, so 'next' will be filled
# RUN_PARMS: wfs_200_low_wfsmaxfeatures_no_compute_number_matched.xml [MAPSERV] QUERY_STRING="map=[MAPFILE]&SERVICE=WFS&VERSION=2.0.0&REQUEST=GetFeature&TYPENAMES=province&COUNT=1" > [RESULT_DEVERSION]
# Should return 10
# RUN_PARMS: wfs_200_low_wfsmaxfeatures_no_compute_number_matched_hits.xml [MAPSERV] QUERY_STRING="map=[MAPFILE]&SERVICE=WFS&VERSION=2.0.0&REQUEST=GetFeature&TYPENAMES=province&RESULTTYPE=hits" > [RESULT_DEVERSION]
# Should return 0
# RUN_PARMS: wfs_200_low_wfsmaxfeatures_no_compute_number_matched_hits_zero.xml [MAPSERV] QUERY_STRING="map=[MAPFILE]&SERVICE=WFS&VERSION=2.0.0&REQUEST=GetFeature&TYPENAMES=province&RESULTTYPE=hits&BBOX=0,0,0,0" > [RESULT_DEVERSION]

MAP

NAME WFS_TEST
STATUS ON
SIZE 400 300
#EXTENT   2018000 -73300 3410396 647400
EXTENT -67.5725 42 -58.9275 48.5
UNITS METERS
IMAGECOLOR 255 255 255
SHAPEPATH ./data
SYMBOLSET etc/symbols.sym
FONTSET etc/fonts.txt

#
# Start of web interface definition
#
WEB

 IMAGEPATH "/tmp/ms_tmp/"
 IMAGEURL "/ms_tmp/"

  METADATA
    #"wfs_validate_xml" "true"
    #"wfs_schemas_dir" "/home/even/gdal/svn/trunk/gdal/data/SCHEMAS_OPENGIS_NET/"
    "wfs_maxfeatures" "10"
    #"wfs_compute_number_matched" "true"
    "ows_updatesequence"   "123"
    "wfs_title"        "Test simple wfs"
    "wfs_onlineresource"   "http://localhost/path/to/wfs_simple?myparam=something&"
    "wfs_srs"          "EPSG:4326 EPSG:4269"
    "ows_abstract"    "Test WFS Abstract"
    "ows_keywordlist" "ogc,wfs,gml,om"
    "ows_service_onlineresource" "http://localhost"
    "ows_fees" "none"
    "ows_accessconstraints" "none"
    "ows_addresstype" "postal"
    "ows_address"     "123 SomeRoad Road"
    "ows_city" "Toronto"
    "ows_stateorprovince" "Ontario"
    "ows_postcode" "xxx-xxx"
    "ows_country" "Canada"
    "ows_contactelectronicmailaddress" "tomkralidis@xxxxxxx.xxx"
    "ows_contactvoicetelephone" "+xx-xxx-xxx-xxxx"
    "ows_contactfacsimiletelephone" "+xx-xxx-xxx-xxxx"
    "ows_contactperson" "Tom Kralidis"
    "ows_contactorganization" "MapServer"
    "ows_contactposition" "self"
    "ows_hoursofservice" "0800h - 1600h EST"
    "ows_contactinstructions" "during hours of service"
    "ows_role" "staff"
    "ows_enable_request" "*" 
  END
END

#
# Start of layer definitions
#



LAYER

  NAME province
  DATA province
  METADATA
    "wfs_title"         "province"
    "wfs_description"   "province"
    "wfs_featureid"     "PROVINCE_I"
    "gml_geometries"    "msGeometry"
    "gml_msGeometry_type" "polygon"
  END
  TYPE POINT
  STATUS ON
  PROJECTION
    "init=./data/epsg2:42304"
#    "init=epsg:42304"
  END

  CLASSITEM "Name_e"

  CLASS
    NAME "Province"
    STYLE
        COLOR 200 255 0
        OUTLINECOLOR 120 120 120
    END
  END
END # Layer


END # Map File
