#
# Tests specific to WFS 2.0 CITE compliance (PostGIS input)
# 
# They are complementary to wfs_200.map, in that they generally trigger
# particularly twisted aspects of the WFS 2.0 specification.
#
# REQUIRES: INPUT=OGR SUPPORTS=WFS

# RUN_PARMS: wfs_200_cite_postgis_exception_no_service.xml [MAPSERV] QUERY_STRING="map=[MAPFILE]&REQUEST=GetCapabilities" > [RESULT_DEVERSION]
# RUN_PARMS: wfs_200_cite_postgis_describe.xml [MAPSERV] QUERY_STRING="map=[MAPFILE]&service=WFS&version=2.0.0&request=DescribeFeatureType" > [RESULT_DEVERSION]
# RUN_PARMS: wfs_200_cite_postgis_filter_bbox_world.xml [MAPSERV] QUERY_STRING="map=[MAPFILE]&service=WFS&version=2.0.0&request=GetFeature&resultType=hits&typenames=province&filter=<Filter><BBOX><ValueReference>msGeometry</ValueReference><Envelope srsName='urn:ogc:def:crs:EPSG::4326'><lowerCorner>-90 -180</lowerCorner><upperCorner>90 180</upperCorner></Envelope></BBOX></Filter>" > [RESULT_DEVERSION]
# RUN_PARMS: wfs_200_cite_postgis_bbox_world.xml [MAPSERV] QUERY_STRING="map=[MAPFILE]&service=WFS&version=2.0.0&request=GetFeature&resultType=hits&typenames=province&BBOX=-90,-180,90,180,urn:ogc:def:crs:EPSG::4326" > [RESULT_DEVERSION]
# RUN_PARMS: wfs_200_cite_postgis_getpropertyvalue_gmlid.xml [MAPSERV] QUERY_STRING="map=[MAPFILE]&service=WFS&version=2.0.0&request=GetPropertyValue&typenames=province&valuereference=@gml:id" > [RESULT_DEVERSION]
# RUN_PARMS: wfs_200_cite_postgis_propertyisnull_gmlname.xml [MAPSERV] QUERY_STRING="map=[MAPFILE]&service=WFS&version=2.0.0&request=GetFeature&resultType=hits&typenames=province&filter=<Filter><PropertyIsNull><PropertyName>gml:name</PropertyName></PropertyIsNull></Filter>" > [RESULT_DEVERSION]
# RUN_PARMS: wfs_200_cite_postgis_not_propertyisnull_valid_property.xml [MAPSERV] QUERY_STRING="map=[MAPFILE]&service=WFS&version=2.0.0&request=GetFeature&resultType=hits&typenames=province&filter=<Filter><Not><PropertyIsNull><PropertyName>NomFrancais</PropertyName></PropertyIsNull></Not></Filter>" > [RESULT_DEVERSION]
# RUN_PARMS: wfs_200_cite_postgis_propertyisnil_nillable_property.xml [MAPSERV] QUERY_STRING="map=[MAPFILE]&service=WFS&version=2.0.0&request=GetFeature&resultType=hits&typenames=province&filter=<Filter><PropertyIsNil><PropertyName>NomFrancais</PropertyName></PropertyIsNil></Filter>" > [RESULT_DEVERSION]
# RUN_PARMS: wfs_200_cite_postgis_not_propertyisnil_nillable_property.xml [MAPSERV] QUERY_STRING="map=[MAPFILE]&service=WFS&version=2.0.0&request=GetFeature&resultType=hits&typenames=province&filter=<Filter><Not><PropertyIsNil><PropertyName>NomFrancais</PropertyName></PropertyIsNil></Not></Filter>" > [RESULT_DEVERSION]
# RUN_PARMS: wfs_200_cite_postgis_filter_resourceid_stringvalue.xml [MAPSERV] QUERY_STRING="map=[MAPFILE]&service=WFS&version=2.0.0&request=GetFeature&typenames=province&Filter=<Filter><ResourceId rid='foo'/></Filter>" > [RESULT_DEVERSION]
# RUN_PARMS: wwfs_200_cite_postgis_filter_or_resourceid_stringvalue.xml [MAPSERV] QUERY_STRING="map=[MAPFILE]&service=WFS&version=2.0.0&request=GetFeature&typenames=province&Filter=<Filter><Or><ResourceId rid='foo'/><ResourceId rid='bar'/></Or></Filter>" > [RESULT_DEVERSION]
# RUN_PARMS: wfs_200_cite_postgis_filter_like.xml [MAPSERV] QUERY_STRING="map=[MAPFILE]&service=WFS&version=2.0.0&request=GetFeature&typenames=province&Filter=<Filter><PropertyIsLike escapeChar='\' singleChar='?' wildCard='*'><ValueReference>island_e</ValueReference><Literal>*</Literal></PropertyIsLike></Filter>" > [RESULT_DEVERSION]

MAP

NAME WFS_TEST
STATUS ON
SIZE 400 300
#EXTENT   2018000 -73300 3410396 647400
EXTENT -67.5725 42 -58.9275 48.5
UNITS METERS
IMAGECOLOR 255 255 255
SHAPEPATH ./data
SYMBOLSET etc/symbols.sym
FONTSET etc/fonts.txt

#
# Start of web interface definition
#
WEB

 IMAGEPATH "/tmp/ms_tmp/"
 IMAGEURL "/ms_tmp/"

  METADATA
    "wfs_maxfeatures" "1000"
    "wfs_maxfeatures_ignore_for_resulttype_hits" "false" # RFC 114

    # Hack so that getCapabilities_missingServiceParam() CITE test works
    # we tell msOWSDispatch() to handle a REQUEST=GetCapabilities request without any
    # SERVICE the way that WFS 2.0 instructs it.
    "wfs_cite_wfs2" "true"

    "ows_updatesequence"   "123"
    "wfs_title"        "Test simple wfs"
    "wfs_onlineresource"   "http://localhost:8080/mapserv.cgi?"
    "wfs_srs"          "EPSG:4326 EPSG:4269"
    "ows_abstract"    "Test WFS Abstract"
    "ows_keywordlist" "ogc,wfs,gml,om"
    "ows_service_onlineresource" "http://localhost"
    "ows_fees" "none"
    "ows_accessconstraints" "none"
    "ows_addresstype" "postal"
    "ows_address"     "123 SomeRoad Road"
    "ows_city" "Toronto"
    "ows_stateorprovince" "Ontario"
    "ows_postcode" "xxx-xxx"
    "ows_country" "Canada"
    "ows_contactelectronicmailaddress" "tomkralidis@xxxxxxx.xxx"
    "ows_contactvoicetelephone" "+xx-xxx-xxx-xxxx"
    "ows_contactfacsimiletelephone" "+xx-xxx-xxx-xxxx"
    "ows_contactperson" "Tom Kralidis"
    "ows_contactorganization" "MapServer"
    "ows_contactposition" "self"
    "ows_hoursofservice" "0800h - 1600h EST"
    "ows_contactinstructions" "during hours of service"
    "ows_role" "staff"
    "ows_enable_request" "*" 
  END
END

#
# Start of layer definitions
#



LAYER

  NAME province
  INCLUDE "postgis.include"
  DATA "the_geom from (select * from province order by gid) as foo using unique gid using srid=3978"
  METADATA
    "wfs_title"         "province"
    "wfs_description"   "province"
    "wfs_featureid"     "province_i"
# We need to define wfs_extent so that WGS84BoundingBox is set in GetCapabilities, to please CITE
    "wfs_extent"        "2253355.750000 -76361.773438 2747648.500000 515489.031250"
    "gml_geometries"    "msGeometry"
    "gml_msGeometry_type" "polygon"
    "gml_include_items" "all"
    "gml_exclude_items"   "REG_CODE,NAME,ISLAND_F"
    "gml_optional_items"  "all"
    "gml_default_items"   "NAME_E,NAME_F,PERIMETER,ISLAND_E"
    "gml_NAME_F_alias"    "NomFrancais"
# We need a nillable field (that will be never nilled...) for CITE
    "gml_NAME_F_nillable" "true"
# We need a numeric field for CITE
    "gml_PERIMETER_type"  "Real"
  END
  TYPE POLYGON
  STATUS ON
  PROJECTION
    "init=./data/epsg2:42304"
  END

END # Layer


END # Map File
