#
# Test WMS 1.3.0 Client
# 
# REQUIRES: OUTPUT=PNG SUPPORTS=WMS_CLIENT
#
#
# GetMap
# RUN_PARMS: wms_client_130_axis_fail.png [MAPSERV] QUERY_STRING="map=[MAPFILE]&SERVICE=WMS&VERSION=1.3.0&REQUEST=GetMap&LAYERS=client&STYLES=&WIDTH=300&HEIGHT=200&FORMAT=image/png&CRS=EPSG:4326&BBOX=-90,-180,90,180" > [RESULT_DEMIME]
#
# GetFeatureInfo
# RUN_PARMS: wms_client_130_axis_fail.html [MAPSERV] QUERY_STRING="map=[MAPFILE]&SERVICE=WMS&VERSION=1.3.0&REQUEST=GetFeatureInfo&LAYERS=client&STYLES=&WIDTH=300&HEIGHT=200&FORMAT=image/png&CRS=EPSG:4326&BBOX=-90,-180,90,180&QUERY_LAYERS=client&I=100&J=150&INFO_FORMAT=text/html&FEATURE_COUNT=5" > [RESULT]


MAP
	NAME WMS_CLIENT_TEST_130
	STATUS ON
	SIZE 400 300
	EXTENT -180 -90 180 90
	UNITS DD
	PROJECTION
		"init=epsg:4326"
	END
	IMAGECOLOR 255 255 255
	SYMBOLSET etc/symbols.sym
	FONTSET etc/fonts.txt

	RESOLUTION 96
	IMAGETYPE png24

	WEB
		IMAGEPATH "/tmp/ms_tmp/"
		IMAGEURL "/ms_tmp/"
		METADATA
			"ows_updatesequence"	"123"
			"wms_title"	"Test WMS 1.3.0 client"
			"wms_srs"	"EPSG:4326"
			"ows_enable_request"	"*"
			"wms_getmap_formatlist"	"image/png,image/png; mode=24bit"
			"ows_onlineresource" "http://localhost/wmsclient?"
		END
	END

	LAYER
		NAME client
		TYPE RASTER
		STATUS ON
		CONNECTION "https://demo.mapserver.org/cgi-bin/wms?"
		CONNECTIONTYPE WMS
		TEMPLATE "dummy"
		METADATA
			"wms_srs"	"EPSG:4326"
			"wms_name"	"cities"
			"wms_server_version"	"1.3.0"
			"wms_format"	"image/png"
			"wms_enable_request" "*"
			"wms_strict_axis_order" "0"
		END
	END
END		
