# Test Runtime Substitutions
#
# RUN_PARMS: scaletoken_data_200k.png [MAP2IMG] -l layer1 -m [MAPFILE] -o [RESULT] -e 478315 4762880 481645 4765610
# RUN_PARMS: scaletoken_data_29m.png [MAP2IMG] -l layer1  -m [MAPFILE] -o [RESULT] -e 425000 4685000 489000 5189000
# RUN_PARMS: scaletoken_data_40m.png [MAP2IMG] -l layer1 -m [MAPFILE] -o [RESULT]
# RUN_PARMS: scaletoken_filter_192k.png [MAP2IMG] -l layer2 -m [MAPFILE] -o [RESULT] -e 478315 4762880 481645 4765610
# RUN_PARMS: scaletoken_filter_424k.png [MAP2IMG] -l layer2  -m [MAPFILE] -o [RESULT] -e 476315 4762880 483645 4765610
# RUN_PARMS: scaletoken_filter_655k.png [MAP2IMG] -l layer2 -m [MAPFILE] -o [RESULT] -e 474315 4762880 485645 4765610 
# RUN_PARMS: scaletoken_filteritem_192k.png [MAP2IMG] -l layer3 -m [MAPFILE] -o [RESULT] -e 478315 4762880 481645 4765610
# RUN_PARMS: scaletoken_filteritem_424k.png [MAP2IMG] -l layer3  -m [MAPFILE] -o [RESULT] -e 476315 4762880 483645 4765610
#
MAP
  NAME 'scaletoken'
  EXTENT 125000 4785000 789000 5489000
  UNITS METERS
  SIZE 50 50
  SHAPEPATH "."

  IMAGETYPE PNG
  #DEBUG 1
  #CONFIG "MS_ERRORFILE" "stderr"

  LAYER
    NAME 'layer1'
    STATUS ON
    DEBUG 1
    SCALETOKEN
      NAME "%shpfile%"
      VALUES
        "0" "data/shppoly/poly.shp"
        "25000000" "../query/data/indx_q100kpy4.shp"
        "35000000" "../query/data/bdry_counpy2"
      END
    END
    DATA '%shpfile%'
    TYPE POLYGON
    CLASS
      STYLE OUTLINECOLOR 51 51 51 END
    END
  END
  LAYER
    NAME 'layer2'
    STATUS ON
    DEBUG 1
    DATA "data/shppoly/poly.shp"
    SCALETOKEN
      NAME "%filter%"
      VALUES
        "0" "([EAS_ID]=158)"
        "200000" "([EAS_ID]=166)"
        "600000" ""
      END
    END
    FILTER "%filter%"
    TYPE POLYGON
    CLASS
      STYLE COLOR 51 51 51 END
    END
  END
  LAYER
    NAME 'layer3'
    STATUS ON
    DEBUG 1
    DATA "data/shppoly/poly.shp"
    SCALETOKEN
      NAME "%filteritem%"
      VALUES
        "0" "EAS_ID"
        "200000" "PRFEDEA"
      END
    END
    SCALETOKEN
      NAME "%filter%"
      VALUES
        "0" "173"
        "200000" "35043369"
      END
    END
    FILTERITEM "%filteritem%"
    FILTER "%filter%"
    TYPE POLYGON
    CLASS
      STYLE COLOR 51 51 51 END
    END
  END
  
END
